
> dashnew@0.1.0 build
> vite build

[36mvite v7.3.1 [32mbuilding client environment for production...[36m[39m
transforming...
[32mΓ£ô[39m 7123 modules transformed.
Export "Bar" of module "node_modules/recharts/es6/cartesian/Bar.js" was reexported through module "node_modules/recharts/es6/index.js" while both modules are dependencies of each other and will end up in different chunks by current Rollup settings. This scenario is not well supported at the moment as it will produce a circular dependency between chunks and will likely lead to broken execution order.
Either change the import in "src/components/dashboard/RawMaterials.jsx" to point directly to the exporting module or reconfigure "output.manualChunks" to ensure these modules end up in the same chunk.
rendering chunks...
[plugin vite:reporter] 
(!) D:/PPH 26.4/PPH/node_modules/axios/index.js is dynamically imported by D:/PPH 26.4/PPH/src/utils/deduplicatedFetch.js, D:/PPH 26.4/PPH/src/utils/deduplicatedFetch.js but also statically imported by D:/PPH 26.4/PPH/src/components/CRM/ActivityFeed.jsx, D:/PPH 26.4/PPH/src/components/CRM/ActivityLogDrawer.jsx, D:/PPH 26.4/PPH/src/components/CRM/AdminCRMDashboard.jsx, D:/PPH 26.4/PPH/src/components/CRM/CRMAnalytics.jsx, D:/PPH 26.4/PPH/src/components/CRM/CRMHomePage.jsx, D:/PPH 26.4/PPH/src/components/CRM/CRMModule.jsx, D:/PPH 26.4/PPH/src/components/CRM/CRMWorklist.jsx, D:/PPH 26.4/PPH/src/components/CRM/CallCreateModal.jsx, D:/PPH 26.4/PPH/src/components/CRM/ContactFormModal.jsx, D:/PPH 26.4/PPH/src/components/CRM/ContactsTab.jsx, D:/PPH 26.4/PPH/src/components/CRM/CustomerDetail.jsx, D:/PPH 26.4/PPH/src/components/CRM/CustomerFieldVisits.jsx, D:/PPH 26.4/PPH/src/components/CRM/CustomerInquiries.jsx, D:/PPH 26.4/PPH/src/components/CRM/CustomerList.jsx, D:/PPH 26.4/PPH/src/components/CRM/CustomerLocationPicker.jsx, D:/PPH 26.4/PPH/src/components/CRM/CustomerMapView.jsx, D:/PPH 26.4/PPH/src/components/CRM/CustomerSalesHistoryModal.jsx, D:/PPH 26.4/PPH/src/components/CRM/DailyActivitySummary.jsx, D:/PPH 26.4/PPH/src/components/CRM/DealCreateModal.jsx, D:/PPH 26.4/PPH/src/components/CRM/DealPipeline.jsx, D:/PPH 26.4/PPH/src/components/CRM/EmailComposeModal.jsx, D:/PPH 26.4/PPH/src/components/CRM/EntityEmailThread.jsx, D:/PPH 26.4/PPH/src/components/CRM/FieldTripCalendar.jsx, D:/PPH 26.4/PPH/src/components/CRM/FieldVisitApprovalCard.jsx, D:/PPH 26.4/PPH/src/components/CRM/FieldVisitDetail.jsx, D:/PPH 26.4/PPH/src/components/CRM/FieldVisitExpenseModal.jsx, D:/PPH 26.4/PPH/src/components/CRM/FieldVisitInTrip.jsx, D:/PPH 26.4/PPH/src/components/CRM/FieldVisitList.jsx, D:/PPH 26.4/PPH/src/components/CRM/FieldVisitMap.jsx, D:/PPH 26.4/PPH/src/components/CRM/FieldVisitPlanner.jsx, D:/PPH 26.4/PPH/src/components/CRM/FieldVisitReport.jsx, D:/PPH 26.4/PPH/src/components/CRM/FieldVisitRouteView.jsx, D:/PPH 26.4/PPH/src/components/CRM/FieldVisitTravelReport.jsx, D:/PPH 26.4/PPH/src/components/CRM/FullPipelineDashboard.jsx, D:/PPH 26.4/PPH/src/components/CRM/LostBusiness.jsx, D:/PPH 26.4/PPH/src/components/CRM/MeetingCreateModal.jsx, D:/PPH 26.4/PPH/src/components/CRM/MyCustomers.jsx, D:/PPH 26.4/PPH/src/components/CRM/MyDayDashboard.jsx, D:/PPH 26.4/PPH/src/components/CRM/MyProspects.jsx, D:/PPH 26.4/PPH/src/components/CRM/NotesTab.jsx, D:/PPH 26.4/PPH/src/components/CRM/PackagingProfile.jsx, D:/PPH 26.4/PPH/src/components/CRM/PipelineSummaryCard.jsx, D:/PPH 26.4/PPH/src/components/CRM/ProductGroupList.jsx, D:/PPH 26.4/PPH/src/components/CRM/ProspectManagement.jsx, D:/PPH 26.4/PPH/src/components/CRM/QuickLogFAB.jsx, D:/PPH 26.4/PPH/src/components/CRM/RiskAlertPanel.jsx, D:/PPH 26.4/PPH/src/components/CRM/SalesCockpit.jsx, D:/PPH 26.4/PPH/src/components/CRM/SalesRepList.jsx, D:/PPH 26.4/PPH/src/components/CRM/TaskCreateModal.jsx, D:/PPH 26.4/PPH/src/components/CRM/TaskWidget.jsx, D:/PPH 26.4/PPH/src/components/CRM/TechnicalBriefForm.jsx, D:/PPH 26.4/PPH/src/components/CRM/WorklistDetailDrawer.jsx, D:/PPH 26.4/PPH/src/components/CRM/useCrmOptions.js, D:/PPH 26.4/PPH/src/components/MES/Flow/CreateJobModal.jsx, D:/PPH 26.4/PPH/src/components/MES/Flow/DeptDashboard.jsx, D:/PPH 26.4/PPH/src/components/MES/Flow/JobFlowTracker.jsx, D:/PPH 26.4/PPH/src/components/MES/MasterData/BOMConfigurator.jsx, D:/PPH 26.4/PPH/src/components/MES/MasterData/CustomCategories.jsx, D:/PPH 26.4/PPH/src/components/MES/MasterData/MachineManager.jsx, D:/PPH 26.4/PPH/src/components/MES/MasterData/ProcessManager.jsx, D:/PPH 26.4/PPH/src/components/MES/MasterData/ProcessRoutingEditor.jsx, D:/PPH 26.4/PPH/src/components/MES/MasterData/ProductTypeManager.jsx, D:/PPH 26.4/PPH/src/components/MES/PreSales/EstimationActuals.jsx, D:/PPH 26.4/PPH/src/components/MES/PreSales/EstimationQueue.jsx, D:/PPH 26.4/PPH/src/components/MES/PreSales/InquiryBoard.jsx, D:/PPH 26.4/PPH/src/components/MES/PreSales/InquiryCapture.jsx, D:/PPH 26.4/PPH/src/components/MES/PreSales/InquiryDetail/AuditTrailSection.jsx, D:/PPH 26.4/PPH/src/components/MES/PreSales/InquiryDetail/ClearanceSection.jsx, D:/PPH 26.4/PPH/src/components/MES/PreSales/InquiryDetail/CrmActivityPanel.jsx, D:/PPH 26.4/PPH/src/components/MES/PreSales/InquiryDetail/CustomerPOPanel.jsx, D:/PPH 26.4/PPH/src/components/MES/PreSales/InquiryDetail/DeliveryFeedbackPanel.jsx, D:/PPH 26.4/PPH/src/components/MES/PreSales/InquiryDetail/PhaseStepperCard.jsx, D:/PPH 26.4/PPH/src/components/MES/PreSales/InquiryDetail/PreprodSamplePanel.jsx, D:/PPH 26.4/PPH/src/components/MES/PreSales/InquiryDetail/ProcurementPanel.jsx, D:/PPH 26.4/PPH/src/components/MES/PreSales/InquiryDetail/ProformaPanel.jsx, D:/PPH 26.4/PPH/src/components/MES/PreSales/InquiryDetail/ProspectPanel.jsx, D:/PPH 26.4/PPH/src/components/MES/PreSales/InquiryDetail/QuotationPanel.jsx, D:/PPH 26.4/PPH/src/components/MES/PreSales/InquiryDetail/SamplesSection.jsx, D:/PPH 26.4/PPH/src/components/MES/PreSales/InquiryDetail/index.jsx, D:/PPH 26.4/PPH/src/components/MES/PreSales/JobCardForm.jsx, D:/PPH 26.4/PPH/src/components/MES/PreSales/JobCardList.jsx, D:/PPH 26.4/PPH/src/components/MES/PreSales/JobCardPanel.jsx, D:/PPH 26.4/PPH/src/components/MES/PreSales/MyPipeline.jsx, D:/PPH 26.4/PPH/src/components/MES/PreSales/NegotiationTimeline.jsx, D:/PPH 26.4/PPH/src/components/MES/PreSales/NewCustomerModal.jsx, D:/PPH 26.4/PPH/src/components/MES/PreSales/ProcurementDashboard.jsx, D:/PPH 26.4/PPH/src/components/MES/PreSales/PurchaseRequisitionForm.jsx, D:/PPH 26.4/PPH/src/components/MES/PreSales/QCScanPage.jsx, D:/PPH 26.4/PPH/src/components/MES/PreSales/StockReceiptForm.jsx, D:/PPH 26.4/PPH/src/components/MES/PreSales/SupplierPurchaseOrderForm.jsx, D:/PPH 26.4/PPH/src/components/MES/PreSales/WinLossAnalytics.jsx, D:/PPH 26.4/PPH/src/components/MES/PreSales/useEstimationCalculatorState.js, D:/PPH 26.4/PPH/src/components/MES/QC/BatchAnalysisModal.jsx, D:/PPH 26.4/PPH/src/components/MES/QC/CSEApprovalPage.jsx, D:/PPH 26.4/PPH/src/components/MES/QC/CSEApprovalQueue.jsx, D:/PPH 26.4/PPH/src/components/MES/QC/EquipmentAdminModal.jsx, D:/PPH 26.4/PPH/src/components/MES/QC/NCRManagement.jsx, D:/PPH 26.4/PPH/src/components/MES/QC/PublicCSEView.jsx, D:/PPH 26.4/PPH/src/components/MES/QC/QCDashboard.jsx, D:/PPH 26.4/PPH/src/components/MES/QC/QCSampleAnalysis.jsx, D:/PPH 26.4/PPH/src/components/MES/QC/QCTemplateAdmin.jsx, D:/PPH 26.4/PPH/src/components/MES/RawMaterials/RawMaterialsContext.jsx, D:/PPH 26.4/PPH/src/components/MES/RawMaterials/views/QCCertificatePanel.jsx, D:/PPH 26.4/PPH/src/components/MES/RawMaterials/views/QCIncomingRMView.jsx, D:/PPH 26.4/PPH/src/components/MES/RawMaterials/views/QCParameterAdminPanel.jsx, D:/PPH 26.4/PPH/src/components/MES/RawMaterials/views/QCSupplierQualityPanel.jsx, D:/PPH 26.4/PPH/src/components/MES/RawMaterials/views/RegrindBatchModal.jsx, D:/PPH 26.4/PPH/src/components/MES/workflow/WorkflowLandingPageMain.jsx, D:/PPH 26.4/PPH/src/components/MasterData/AEBF/ActualTab.jsx, D:/PPH 26.4/PPH/src/components/MasterData/AEBF/BudgetPLTab.jsx, D:/PPH 26.4/PPH/src/components/MasterData/AEBF/BudgetTab.jsx, D:/PPH 26.4/PPH/src/components/MasterData/AEBF/BulkImportTab.jsx, D:/PPH 26.4/PPH/src/components/MasterData/AEBF/EstimateTab.jsx, D:/PPH 26.4/PPH/src/components/MasterData/AEBF/ForecastPLTab.jsx, D:/PPH 26.4/PPH/src/components/MasterData/AEBF/ForecastSalesTab.jsx, D:/PPH 26.4/PPH/src/components/MasterData/AEBF/LiveBudgetEntryTab.jsx, D:/PPH 26.4/PPH/src/components/MasterData/AEBF/ManagementAllocationReportView.jsx, D:/PPH 26.4/PPH/src/components/MasterData/AEBF/ManagementAllocationTab.jsx, D:/PPH 26.4/PPH/src/components/MasterData/ProjectWorkflow.jsx, D:/PPH 26.4/PPH/src/components/common/Header.jsx, D:/PPH 26.4/PPH/src/components/common/MESNotificationBell.jsx, D:/PPH 26.4/PPH/src/components/common/NotificationBell.jsx, D:/PPH 26.4/PPH/src/components/dashboard/CountryReference.jsx, D:/PPH 26.4/PPH/src/components/dashboard/RawMaterials.jsx, D:/PPH 26.4/PPH/src/components/modules/ModuleSelector.jsx, D:/PPH 26.4/PPH/src/components/people/AuditLog.jsx, D:/PPH 26.4/PPH/src/components/people/AuthorizationRulesManager.jsx, D:/PPH 26.4/PPH/src/components/people/EnhancedOrgChart.jsx, D:/PPH 26.4/PPH/src/components/people/PeopleAccessModule.jsx, D:/PPH 26.4/PPH/src/components/people/RolesPermissions.jsx, D:/PPH 26.4/PPH/src/components/people/SalesTeamManager.jsx, D:/PPH 26.4/PPH/src/components/people/TerritoryManager.jsx, D:/PPH 26.4/PPH/src/components/people/UnifiedUserEmployee.jsx, D:/PPH 26.4/PPH/src/components/people/UserProfile.jsx, D:/PPH 26.4/PPH/src/components/platform/PlanManagement.jsx, D:/PPH 26.4/PPH/src/components/platform/PlatformDashboard.jsx, D:/PPH 26.4/PPH/src/components/settings/AuthorizationRules.jsx, D:/PPH 26.4/PPH/src/components/settings/DatabaseBackup.jsx, D:/PPH 26.4/PPH/src/components/settings/DeploymentPanel.jsx, D:/PPH 26.4/PPH/src/components/settings/DivisionManagement.jsx, D:/PPH 26.4/PPH/src/components/settings/EmployeeBulkImport.jsx, D:/PPH 26.4/PPH/src/components/settings/EmployeesManagement.jsx, D:/PPH 26.4/PPH/src/components/settings/OrganizationSettings.jsx, D:/PPH 26.4/PPH/src/components/settings/OutlookConnectSettings.jsx, D:/PPH 26.4/PPH/src/components/settings/Settings.jsx, D:/PPH 26.4/PPH/src/components/settings/TerritoriesManagement.jsx, D:/PPH 26.4/PPH/src/components/settings/UserPermissions.jsx, D:/PPH 26.4/PPH/src/components/setup/SetupWizard.jsx, D:/PPH 26.4/PPH/src/components/shared/ResizableTable.jsx, D:/PPH 26.4/PPH/src/contexts/AuthContext.jsx, D:/PPH 26.4/PPH/src/contexts/CurrencyContext.jsx, D:/PPH 26.4/PPH/src/contexts/ExcelDataContext.jsx, D:/PPH 26.4/PPH/src/contexts/PLDataContext.jsx, D:/PPH 26.4/PPH/src/contexts/ThemeContext.jsx, D:/PPH 26.4/PPH/src/services/employeeLookupService.js, dynamic import will not move module into another chunk.

computing gzip size...
[2mbuild/[22m[32mindex.html                                       [39m[1m[2m    3.56 kB[22m[1m[22m[2m Γöé gzip:   1.35 kB[22m
[2mbuild/[22m[32massets/IP transparent--DzPCmMjH.jpg              [39m[1m[2m   38.42 kB[22m[1m[22m
[2mbuild/[22m[35massets/HelpPanel-tI0txn2N.css                    [39m[1m[2m    0.52 kB[22m[1m[22m[2m Γöé gzip:   0.29 kB[22m
[2mbuild/[22m[35massets/MESNotificationBell-C16pPXEh.css          [39m[1m[2m    0.94 kB[22m[1m[22m[2m Γöé gzip:   0.40 kB[22m
[2mbuild/[22m[35massets/BelowGPExpensesDetail-CiD2NnhY.css        [39m[1m[2m    0.99 kB[22m[1m[22m[2m Γöé gzip:   0.42 kB[22m
[2mbuild/[22m[35massets/ManufacturingCostDetail-MxFP0zBN.css      [39m[1m[2m    1.00 kB[22m[1m[22m[2m Γöé gzip:   0.43 kB[22m
[2mbuild/[22m[35massets/PLFinancialDetail-CzSx7PbL.css            [39m[1m[2m    1.13 kB[22m[1m[22m[2m Γöé gzip:   0.51 kB[22m
[2mbuild/[22m[35massets/UserPermissions-D9hGAyuW.css              [39m[1m[2m    1.42 kB[22m[1m[22m[2m Γöé gzip:   0.42 kB[22m
[2mbuild/[22m[35massets/ManufacturingCostTotals-CCe6Jkux.css      [39m[1m[2m    2.14 kB[22m[1m[22m[2m Γöé gzip:   0.75 kB[22m
[2mbuild/[22m[35massets/TableDetailStyles-CypmgsF-.css            [39m[1m[2m    2.37 kB[22m[1m[22m[2m Γöé gzip:   0.58 kB[22m
[2mbuild/[22m[35massets/PlatformDashboard-CQszDT_l.css            [39m[1m[2m    2.59 kB[22m[1m[22m[2m Γöé gzip:   0.79 kB[22m
[2mbuild/[22m[35massets/index-C1rU69NZ.css                        [39m[1m[2m    3.65 kB[22m[1m[22m[2m Γöé gzip:   1.14 kB[22m
[2mbuild/[22m[35massets/MarginAnalysisDetail-Br5_0DHB.css         [39m[1m[2m    4.43 kB[22m[1m[22m[2m Γöé gzip:   1.29 kB[22m
[2mbuild/[22m[35massets/CombinedTrendsDetail-aezVf1sT.css         [39m[1m[2m    4.86 kB[22m[1m[22m[2m Γöé gzip:   1.36 kB[22m
[2mbuild/[22m[35massets/CountryReference-B9lVsv5E.css             [39m[1m[2m    5.77 kB[22m[1m[22m[2m Γöé gzip:   1.64 kB[22m
[2mbuild/[22m[35massets/SalesVolumeDetail-zulg8ny5.css            [39m[1m[2m    5.81 kB[22m[1m[22m[2m Γöé gzip:   1.35 kB[22m
[2mbuild/[22m[35massets/BudgetActualWaterfallDetail-3GtNM2AL.css  [39m[1m[2m    6.02 kB[22m[1m[22m[2m Γöé gzip:   1.55 kB[22m
[2mbuild/[22m[35massets/DeploymentPanel-BFvJXhmk.css              [39m[1m[2m    6.07 kB[22m[1m[22m[2m Γöé gzip:   1.65 kB[22m
[2mbuild/[22m[35massets/PresalesInquiries-DtlWWh-X.css            [39m[1m[2m    6.36 kB[22m[1m[22m[2m Γöé gzip:   1.62 kB[22m
[2mbuild/[22m[35massets/DatabaseBackup-39gQnKrr.css               [39m[1m[2m   11.93 kB[22m[1m[22m[2m Γöé gzip:   2.37 kB[22m
[2mbuild/[22m[35massets/PeriodConfiguration-C-H3PkRb.css          [39m[1m[2m   11.95 kB[22m[1m[22m[2m Γöé gzip:   2.80 kB[22m
[2mbuild/[22m[35massets/ThemeSelector-D_HpwVK6.css                [39m[1m[2m   15.34 kB[22m[1m[22m[2m Γöé gzip:   2.99 kB[22m
[2mbuild/[22m[35massets/SalesCountryDetail-CrNGbdVr.css           [39m[1m[2m   18.38 kB[22m[1m[22m[2m Γöé gzip:   7.16 kB[22m
[2mbuild/[22m[35massets/Settings-BAp29PR-.css                     [39m[1m[2m   21.21 kB[22m[1m[22m[2m Γöé gzip:   3.86 kB[22m
[2mbuild/[22m[35massets/index-BuLNoxM7.css                        [39m[1m[2m   24.69 kB[22m[1m[22m[2m Γöé gzip:   5.21 kB[22m
[2mbuild/[22m[35massets/RawMaterialsRouter-lDnRoHws.css           [39m[1m[2m   35.87 kB[22m[1m[22m[2m Γöé gzip:   7.15 kB[22m
[2mbuild/[22m[35massets/index-BJJkmhz0.css                        [39m[1m[2m   75.57 kB[22m[1m[22m[2m Γöé gzip:  13.07 kB[22m
[2mbuild/[22m[35massets/index-PzzgifrM.css                        [39m[1m[2m   80.29 kB[22m[1m[22m[2m Γöé gzip:  14.88 kB[22m
[2mbuild/[22m[35massets/SalesBySaleRepTable-C7Kg7W6s.css          [39m[1m[2m  108.18 kB[22m[1m[22m[2m Γöé gzip:  15.53 kB[22m
[2mbuild/[22m[35massets/Dashboard-CA3g5WF_.css                    [39m[1m[2m  179.12 kB[22m[1m[22m[2m Γöé gzip:  21.43 kB[22m
[2mbuild/[22m[36massets/tiny-invariant-BaFNuDhB.js                [39m[1m[2m    0.08 kB[22m[1m[22m[2m Γöé gzip:   0.09 kB[22m[2m Γöé map:     0.79 kB[22m
[2mbuild/[22m[36massets/BarChart-BK97umje.js                      [39m[1m[2m    0.31 kB[22m[1m[22m[2m Γöé gzip:   0.24 kB[22m[2m Γöé map:     1.16 kB[22m
[2mbuild/[22m[36massets/useDivisionNames-CzK2ndSS.js              [39m[1m[2m    0.79 kB[22m[1m[22m[2m Γöé gzip:   0.51 kB[22m[2m Γöé map:     5.06 kB[22m
[2mbuild/[22m[36massets/companyTime-CVnnsnjd.js                   [39m[1m[2m    0.80 kB[22m[1m[22m[2m Γöé gzip:   0.46 kB[22m[2m Γöé map:     2.77 kB[22m
[2mbuild/[22m[36massets/CurrencySymbol-DeDeX6zD.js                [39m[1m[2m    1.26 kB[22m[1m[22m[2m Γöé gzip:   0.83 kB[22m[2m Γöé map:     5.88 kB[22m
[2mbuild/[22m[36massets/employeeLookupService-DmLqAYxz.js         [39m[1m[2m    1.28 kB[22m[1m[22m[2m Γöé gzip:   0.50 kB[22m[2m Γöé map:     4.78 kB[22m
[2mbuild/[22m[36massets/UAEDirhamSymbol-Co5uCLUs.js               [39m[1m[2m    1.31 kB[22m[1m[22m[2m Γöé gzip:   0.78 kB[22m[2m Γöé map:     2.44 kB[22m
[2mbuild/[22m[36massets/relativeTime-BhB0X5-W.js                  [39m[1m[2m    1.40 kB[22m[1m[22m[2m Γöé gzip:   0.76 kB[22m[2m Γöé map:     3.73 kB[22m
[2mbuild/[22m[36massets/JobCardList-BnagBJea.js                   [39m[1m[2m    1.98 kB[22m[1m[22m[2m Γöé gzip:   1.08 kB[22m[2m Γöé map:     5.60 kB[22m
[2mbuild/[22m[36massets/EstimationQueue-BZxhnhmP.js               [39m[1m[2m    2.73 kB[22m[1m[22m[2m Γöé gzip:   1.40 kB[22m[2m Γöé map:     8.11 kB[22m
[2mbuild/[22m[36massets/CSEApprovalQueue-B8k4gDPa.js              [39m[1m[2m    3.03 kB[22m[1m[22m[2m Γöé gzip:   1.43 kB[22m[2m Γöé map:    11.40 kB[22m
[2mbuild/[22m[36massets/CurrencySymbol-QR9IttpP.js                [39m[1m[2m    3.66 kB[22m[1m[22m[2m Γöé gzip:   1.31 kB[22m[2m Γöé map:    15.45 kB[22m
[2mbuild/[22m[36massets/OutlookConnectSettings-CCC_Z3nx.js        [39m[1m[2m    3.67 kB[22m[1m[22m[2m Γöé gzip:   1.41 kB[22m[2m Γöé map:     9.30 kB[22m
[2mbuild/[22m[36massets/FieldVisitItineraryExport-CjDL3WBr.js     [39m[1m[2m    3.72 kB[22m[1m[22m[2m Γöé gzip:   1.59 kB[22m[2m Γöé map:    10.82 kB[22m
[2mbuild/[22m[36massets/colorUtils-Do3yCy2C.js                    [39m[1m[2m    3.95 kB[22m[1m[22m[2m Γöé gzip:   1.64 kB[22m[2m Γöé map:    12.93 kB[22m
[2mbuild/[22m[36massets/MESNotificationBell-CVsDN8vw.js           [39m[1m[2m    4.52 kB[22m[1m[22m[2m Γöé gzip:   1.93 kB[22m[2m Γöé map:    16.51 kB[22m
[2mbuild/[22m[36massets/PLDataContext-68rqLJZD.js                 [39m[1m[2m    4.92 kB[22m[1m[22m[2m Γöé gzip:   2.30 kB[22m[2m Γöé map:    20.94 kB[22m
[2mbuild/[22m[36massets/WinLossAnalytics-COifdWTt.js              [39m[1m[2m    5.03 kB[22m[1m[22m[2m Γöé gzip:   2.12 kB[22m[2m Γöé map:    14.99 kB[22m
[2mbuild/[22m[36massets/DivisionManagement-BGo0EPh8.js            [39m[1m[2m    5.03 kB[22m[1m[22m[2m Γöé gzip:   2.07 kB[22m[2m Γöé map:    16.27 kB[22m
[2mbuild/[22m[36massets/PublicCSEView-NUsPFjP4.js                 [39m[1m[2m    5.43 kB[22m[1m[22m[2m Γöé gzip:   2.09 kB[22m[2m Γöé map:    14.16 kB[22m
[2mbuild/[22m[36massets/countryCoordinates-B05Rjfkl.js            [39m[1m[2m    5.89 kB[22m[1m[22m[2m Γöé gzip:   3.37 kB[22m[2m Γöé map:    13.29 kB[22m
[2mbuild/[22m[36massets/ProcurementDashboard-Blkc968A.js          [39m[1m[2m    5.94 kB[22m[1m[22m[2m Γöé gzip:   2.04 kB[22m[2m Γöé map:    16.41 kB[22m
[2mbuild/[22m[36massets/QCScanPage-DFy28U30.js                    [39m[1m[2m    7.00 kB[22m[1m[22m[2m Γöé gzip:   2.78 kB[22m[2m Γöé map:    23.63 kB[22m
[2mbuild/[22m[36massets/Legend-DE2HBW3e.js                        [39m[1m[2m    7.20 kB[22m[1m[22m[2m Γöé gzip:   2.45 kB[22m[2m Γöé map:    26.18 kB[22m
[2mbuild/[22m[36massets/TerritoriesManagement-DdCJQ4IR.js         [39m[1m[2m    7.51 kB[22m[1m[22m[2m Γöé gzip:   2.71 kB[22m[2m Γöé map:    27.04 kB[22m
[2mbuild/[22m[36massets/QCTemplateAdmin-CVzowAQI.js               [39m[1m[2m    8.23 kB[22m[1m[22m[2m Γöé gzip:   2.95 kB[22m[2m Γöé map:    26.03 kB[22m
[2mbuild/[22m[36massets/OrganizationSettings-Dz4yvVc8.js          [39m[1m[2m    8.78 kB[22m[1m[22m[2m Γöé gzip:   2.52 kB[22m[2m Γöé map:    30.82 kB[22m
[2mbuild/[22m[36massets/MarginAnalysisDetail-D8056Sq7.js          [39m[1m[2m    9.26 kB[22m[1m[22m[2m Γöé gzip:   3.53 kB[22m[2m Γöé map:    34.40 kB[22m
[2mbuild/[22m[36massets/NCRManagement-Cbx0lS_M.js                 [39m[1m[2m    9.48 kB[22m[1m[22m[2m Γöé gzip:   3.18 kB[22m[2m Γöé map:    29.04 kB[22m
[2mbuild/[22m[36massets/EnhancedOrgChart-BwDd3fcX.js              [39m[1m[2m    9.63 kB[22m[1m[22m[2m Γöé gzip:   3.63 kB[22m[2m Γöé map:    33.44 kB[22m
[2mbuild/[22m[36massets/PeriodConfiguration-B7claF7b.js           [39m[1m[2m    9.70 kB[22m[1m[22m[2m Γöé gzip:   3.22 kB[22m[2m Γöé map:    35.06 kB[22m
[2mbuild/[22m[36massets/AuthorizationRules-PF_YwWZ0.js            [39m[1m[2m    9.73 kB[22m[1m[22m[2m Γöé gzip:   3.10 kB[22m[2m Γöé map:    32.33 kB[22m
[2mbuild/[22m[36massets/BelowGPExpensesDetail-DuYyEMgc.js         [39m[1m[2m   10.59 kB[22m[1m[22m[2m Γöé gzip:   4.56 kB[22m[2m Γöé map:    38.37 kB[22m
[2mbuild/[22m[36massets/SalesVolumeDetail-hQMlAe5C.js             [39m[1m[2m   10.64 kB[22m[1m[22m[2m Γöé gzip:   4.37 kB[22m[2m Γöé map:    41.64 kB[22m
[2mbuild/[22m[36massets/MyPipeline-D1J8WyFV.js                    [39m[1m[2m   10.91 kB[22m[1m[22m[2m Γöé gzip:   3.64 kB[22m[2m Γöé map:    31.48 kB[22m
[2mbuild/[22m[36massets/CombinedTrendsDetail-kb5FW9ae.js          [39m[1m[2m   11.21 kB[22m[1m[22m[2m Γöé gzip:   3.23 kB[22m[2m Γöé map:    36.32 kB[22m
[2mbuild/[22m[36massets/DeploymentPanel-C-RnGYJs.js               [39m[1m[2m   11.84 kB[22m[1m[22m[2m Γöé gzip:   3.89 kB[22m[2m Γöé map:    34.72 kB[22m
[2mbuild/[22m[36massets/ManufacturingCostDetail-BArACJrS.js       [39m[1m[2m   12.63 kB[22m[1m[22m[2m Γöé gzip:   5.30 kB[22m[2m Γöé map:    48.79 kB[22m
[2mbuild/[22m[36massets/DatabaseBackup-D0GXfLtS.js                [39m[1m[2m   13.70 kB[22m[1m[22m[2m Γöé gzip:   3.93 kB[22m[2m Γöé map:    35.96 kB[22m
[2mbuild/[22m[36massets/SalesRepDetail-B6eSAPIR.js                [39m[1m[2m   13.71 kB[22m[1m[22m[2m Γöé gzip:   4.77 kB[22m[2m Γöé map:    60.57 kB[22m
[2mbuild/[22m[36massets/SetupWizard-Dcn4c6nl.js                   [39m[1m[2m   13.95 kB[22m[1m[22m[2m Γöé gzip:   4.54 kB[22m[2m Γöé map:    50.41 kB[22m
[2mbuild/[22m[36massets/PlatformDashboard-Bj6Jx6EA.js             [39m[1m[2m   15.22 kB[22m[1m[22m[2m Γöé gzip:   4.28 kB[22m[2m Γöé map:    51.57 kB[22m
[2mbuild/[22m[36massets/ThemeSelector-CrRU_lIx.js                 [39m[1m[2m   15.61 kB[22m[1m[22m[2m Γöé gzip:   4.71 kB[22m[2m Γöé map:    49.93 kB[22m
[2mbuild/[22m[36massets/CSEApprovalPage-CvbvK42F.js               [39m[1m[2m   15.84 kB[22m[1m[22m[2m Γöé gzip:   5.53 kB[22m[2m Γöé map:    47.79 kB[22m
[2mbuild/[22m[36massets/BudgetActualWaterfallDetail-COacbrwt.js   [39m[1m[2m   16.50 kB[22m[1m[22m[2m Γöé gzip:   5.09 kB[22m[2m Γöé map:    55.02 kB[22m
[2mbuild/[22m[36massets/QCDashboard-B0elPwd9.js                   [39m[1m[2m   17.72 kB[22m[1m[22m[2m Γöé gzip:   6.01 kB[22m[2m Γöé map:    58.19 kB[22m
[2mbuild/[22m[36massets/QCSampleAnalysis-_BnQyMJn.js              [39m[1m[2m   18.66 kB[22m[1m[22m[2m Γöé gzip:   5.86 kB[22m[2m Γöé map:    59.72 kB[22m
[2mbuild/[22m[36massets/ProductGroupDetail-BYiMgTCK.js            [39m[1m[2m   19.23 kB[22m[1m[22m[2m Γöé gzip:   5.25 kB[22m[2m Γöé map:    76.18 kB[22m
[2mbuild/[22m[36massets/SalesCustomerDetail-D6J_63I9.js           [39m[1m[2m   20.29 kB[22m[1m[22m[2m Γöé gzip:   6.30 kB[22m[2m Γöé map:    83.87 kB[22m
[2mbuild/[22m[36massets/purify.es-Bzr520pe.js                     [39m[1m[2m   22.45 kB[22m[1m[22m[2m Γöé gzip:   8.63 kB[22m[2m Γöé map:    92.90 kB[22m
[2mbuild/[22m[36massets/index-01PvSWMC.js                         [39m[1m[2m   22.71 kB[22m[1m[22m[2m Γöé gzip:   7.12 kB[22m[2m Γöé map:    72.24 kB[22m
[2mbuild/[22m[36massets/UserPermissions-BUVXf0_4.js               [39m[1m[2m   23.93 kB[22m[1m[22m[2m Γöé gzip:   7.36 kB[22m[2m Γöé map:    87.39 kB[22m
[2mbuild/[22m[36massets/EmployeesManagement-CB2o5xOz.js           [39m[1m[2m   26.44 kB[22m[1m[22m[2m Γöé gzip:   8.18 kB[22m[2m Γöé map:    99.91 kB[22m
[2mbuild/[22m[36massets/PLFinancialDetail-DGTUxWjC.js             [39m[1m[2m   26.60 kB[22m[1m[22m[2m Γöé gzip:   8.01 kB[22m[2m Γöé map:   114.09 kB[22m
[2mbuild/[22m[36massets/index-v6kpOKl8.js                         [39m[1m[2m   29.76 kB[22m[1m[22m[2m Γöé gzip:   9.21 kB[22m[2m Γöé map:    67.75 kB[22m
[2mbuild/[22m[36massets/HelpPanel-C677kVyF.js                     [39m[1m[2m   29.95 kB[22m[1m[22m[2m Γöé gzip:   7.66 kB[22m[2m Γöé map:    73.75 kB[22m
[2mbuild/[22m[36massets/jspdf.plugin.autotable-C3NxY6Hi.js        [39m[1m[2m   30.80 kB[22m[1m[22m[2m Γöé gzip:   9.81 kB[22m[2m Γöé map:   132.52 kB[22m
[2mbuild/[22m[36massets/KPIExecutiveSummary-CE6f0gAY.js           [39m[1m[2m   31.34 kB[22m[1m[22m[2m Γöé gzip:   7.43 kB[22m[2m Γöé map:   112.92 kB[22m
[2mbuild/[22m[36massets/Settings-DJDkaP_B.js                      [39m[1m[2m   31.37 kB[22m[1m[22m[2m Γöé gzip:   9.17 kB[22m[2m Γöé map:    87.66 kB[22m
[2mbuild/[22m[36massets/BOMConfigurator-DF0Yny4F.js               [39m[1m[2m   36.34 kB[22m[1m[22m[2m Γöé gzip:   9.48 kB[22m[2m Γöé map:   116.50 kB[22m
[2mbuild/[22m[36massets/EstimationCalculator-DEW4YfNJ.js          [39m[1m[2m   37.54 kB[22m[1m[22m[2m Γöé gzip:   9.83 kB[22m[2m Γöé map:   120.70 kB[22m
[2mbuild/[22m[36massets/SalesCountryDetail-DmxwZqyN.js            [39m[1m[2m   43.04 kB[22m[1m[22m[2m Γöé gzip:  13.03 kB[22m[2m Γöé map:   153.79 kB[22m
[2mbuild/[22m[36massets/CountryReference-D64MIPQq.js              [39m[1m[2m   54.39 kB[22m[1m[22m[2m Γöé gzip:  14.62 kB[22m[2m Γöé map:   151.94 kB[22m
[2mbuild/[22m[36massets/index-O9SrEPo1.js                         [39m[1m[2m   57.97 kB[22m[1m[22m[2m Γöé gzip:  13.23 kB[22m[2m Γöé map:   197.48 kB[22m
[2mbuild/[22m[36massets/index-DbJoaSCZ.js                         [39m[1m[2m  149.16 kB[22m[1m[22m[2m Γöé gzip:  47.87 kB[22m[2m Γöé map:   585.76 kB[22m
[2mbuild/[22m[36massets/index.es-CZE0Nqx6.js                      [39m[1m[2m  157.88 kB[22m[1m[22m[2m Γöé gzip:  52.68 kB[22m[2m Γöé map:   639.01 kB[22m
[2mbuild/[22m[36massets/RawMaterialsRouter-DM-y1ZOS.js            [39m[1m[2m  161.88 kB[22m[1m[22m[2m Γöé gzip:  37.37 kB[22m[2m Γöé map:   529.94 kB[22m
[2mbuild/[22m[36massets/vendor-maps-BsfICULa.js                   [39m[1m[2m  163.49 kB[22m[1m[22m[2m Γöé gzip:  49.23 kB[22m[2m Γöé map:   734.86 kB[22m
[2mbuild/[22m[36massets/vendor-react-CWqhWu8X.js                  [39m[1m[2m  178.74 kB[22m[1m[22m[2m Γöé gzip:  58.89 kB[22m[2m Γöé map:   765.83 kB[22m
[2mbuild/[22m[36massets/MasterDataHub-CAo3yQHN.js                 [39m[1m[2m  190.33 kB[22m[1m[22m[2m Γöé gzip:  46.29 kB[22m[2m Γöé map:   667.22 kB[22m
[2mbuild/[22m[36massets/html2pdf-DYmgXx_c.js                      [39m[1m[2m  276.52 kB[22m[1m[22m[2m Γöé gzip:  67.60 kB[22m[2m Γöé map:   964.69 kB[22m
[2mbuild/[22m[36massets/PieChart-VeKT2CMb.js                      [39m[1m[2m  340.65 kB[22m[1m[22m[2m Γöé gzip: 101.02 kB[22m[2m Γöé map: 1,755.04 kB[22m
[2mbuild/[22m[36massets/index-DuSjJ53E.js                         [39m[1m[2m  353.18 kB[22m[1m[22m[2m Γöé gzip: 100.59 kB[22m[2m Γöé map: 1,242.48 kB[22m
[2mbuild/[22m[36massets/SalesBySaleRepTable-BKAiVf5R.js           [39m[1m[2m  541.53 kB[22m[1m[22m[2m Γöé gzip: 121.76 kB[22m[2m Γöé map: 1,471.41 kB[22m
[2mbuild/[22m[36massets/index-DwBj3Mhw.js                         [39m[1m[2m  750.40 kB[22m[1m[22m[2m Γöé gzip: 195.94 kB[22m[2m Γöé map: 2,464.37 kB[22m
[2mbuild/[22m[36massets/Dashboard-D6zVVxwh.js                     [39m[1m[2m  844.46 kB[22m[1m[22m[2m Γöé gzip: 177.52 kB[22m[2m Γöé map: 2,200.38 kB[22m
[2mbuild/[22m[36massets/vendor-export-Sa2UEZmt.js                 [39m[1m[2m1,014.20 kB[22m[1m[22m[2m Γöé gzip: 315.49 kB[22m[2m Γöé map: 3,554.12 kB[22m
[2mbuild/[22m[36massets/vendor-charts-B7xVsNuG.js                 [39m[1m[2m1,262.26 kB[22m[1m[22m[2m Γöé gzip: 420.76 kB[22m[2m Γöé map: 6,826.19 kB[22m
[2mbuild/[22m[36massets/vendor-ui-WZOrccgD.js                     [39m[1m[2m1,524.22 kB[22m[1m[22m[2m Γöé gzip: 470.25 kB[22m[2m Γöé map: 6,668.75 kB[22m
[32mΓ£ô built in 1m 41s[39m
